[2026-10-01T09:38:33Z] === ENRICH ITERATION 1 START | repo=block/wt sha=fba59e75 ===
[2026-10-01T09:38:33Z] [iter=1] PHASE START: enrich repo=block/wt sha=fba59e75 runlog=/home/runner/work/forx/forx/storage/aggregate/lsp/logs/fba59e75-enrich-iter-001.log output=/home/runner/work/forx/forx/storage/aggregate/lsp/fba59e75bc130cb6f976974a979329581821c12c.nq.gz
[2026-10-01T09:38:33Z] [iter=1] Step 1: Loading AST into disk-backed store mem_mb=78 MB
[2026-10-01T09:38:38Z] [iter=1] AST store loaded triples=698402 load_secs=5 mem_mb=846 MB
[2026-10-01T09:38:38Z] [iter=1] Step 2: Finding LSP targets mem_mb=846 MB
[2026-10-01T09:38:40Z] [iter=1] LSP targets found call_sites=7043 imports=759 extends=0 implements=0 secs=2
[2026-10-01T09:38:42Z] [iter=1] Step 2.7: Building position index (one-shot, shared across resolvers) mem_mb=846 MB
[2026-10-01T09:38:46Z] [iter=1] Position index built positions=41126 nodes_with_types=51161 secs=3 mem_mb=846 MB
[2026-10-01T09:38:46Z] [iter=1] Step 3: Starting LSP resolution mem_mb=846 MB already_completed_types=[] already_completed_files=0
[2026-10-01T09:38:46Z] [iter=1] Resolving target type target_type=call_site count=7043
[2026-10-01T09:39:23Z] [iter=1] HEARTBEAT target_type=call_site elapsed_min=0.8 files_done=1 resolved=4 errors=73 current=wt-jetbrains-plugin/src/test/kotlin/com/block/wt/ui/MetadataDetectionTest.kt
[2026-10-01T09:40:00Z] [iter=1] HEARTBEAT target_type=call_site elapsed_min=1.4 files_done=3 resolved=20 errors=202 current=wt-jetbrains-plugin/src/main/kotlin/com/block/wt/ui/AddContextDialog.kt
[2026-10-01T09:40:43Z] [iter=1] HEARTBEAT target_type=call_site elapsed_min=2.2 files_done=5 resolved=23 errors=358 current=wt-jetbrains-plugin/src/main/kotlin/com/block/wt/services/WorktreeService.kt
[2026-10-01T09:41:18Z] [iter=1] HEARTBEAT target_type=call_site elapsed_min=2.7 files_done=7 resolved=39 errors=486 current=wt-jetbrains-plugin/src/main/kotlin/com/block/wt/services/ExternalChangeWatcher.kt
[2026-10-01T09:41:57Z] [iter=1] HEARTBEAT target_type=call_site elapsed_min=3.4 files_done=11 resolved=70 errors=622 current=wt-jetbrains-plugin/src/test/kotlin/com/block/wt/services/MetadataServiceStaticTest.kt
[2026-10-01T09:42:38Z] [iter=1] HEARTBEAT target_type=call_site elapsed_min=4.1 files_done=15 resolved=74 errors=769 current=wt-jetbrains-plugin/src/main/kotlin/com/block/wt/actions/metadata/ExportMetadataAction.kt
[2026-10-01T09:43:12Z] [iter=1] HEARTBEAT target_type=call_site elapsed_min=4.7 files_done=20 resolved=129 errors=891 current=wt-jetbrains-plugin/src/test/kotlin/com/block/wt/git/GitConfigHelperTest.kt
[2026-10-01T09:43:45Z] [iter=1] HEARTBEAT target_type=call_site elapsed_min=5.2 files_done=21 resolved=132 errors=1009 current=wt-jetbrains-plugin/src/main/kotlin/com/block/wt/actions/util/WelcomeAction.kt
[2026-10-01T09:44:19Z] [iter=1] HEARTBEAT target_type=call_site elapsed_min=5.8 files_done=27 resolved=171 errors=1131 current=wt-jetbrains-plugin/src/test/kotlin/com/block/wt/model/WorktreeInfoTest.kt
[2026-10-01T09:44:49Z] [iter=1] HEARTBEAT target_type=call_site elapsed_min=6.3 files_done=33 resolved=190 errors=1238 current=wt-jetbrains-plugin/src/test/kotlin/com/block/wt/ui/WorktreeTableModelTest.kt
[2026-10-01T09:45:20Z] [iter=1] HEARTBEAT target_type=call_site elapsed_min=6.8 files_done=35 resolved=191 errors=1346 current=wt-jetbrains-plugin/build.gradle.kts
[2026-10-01T09:45:52Z] [iter=1] HEARTBEAT target_type=call_site elapsed_min=7.3 files_done=41 resolved=198 errors=1463 current=wt-jetbrains-plugin/src/main/kotlin/com/block/wt/experiment/sessiondetection/EnhancedAgentDetector.kt
[2026-10-01T09:46:34Z] [iter=1] HEARTBEAT target_type=call_site elapsed_min=8.0 files_done=44 resolved=207 errors=1615 current=wt-jetbrains-plugin/src/main/kotlin/com/block/wt/experiment/sessionstats/SessionTooltipBuilder.kt
[2026-10-01T09:47:08Z] [iter=1] HEARTBEAT target_type=call_site elapsed_min=8.6 files_done=49 resolved=226 errors=1734 current=wt-jetbrains-plugin/src/main/kotlin/com/block/wt/actions/worktree/RemoveWorktreeAction.kt
[2026-10-01T09:47:49Z] [iter=1] HEARTBEAT target_type=call_site elapsed_min=9.3 files_done=53 resolved=240 errors=1884 current=wt-jetbrains-plugin/src/main/kotlin/com/block/wt/experiment/sessionstats/SessionStats.kt
[2026-10-01T09:48:28Z] [iter=1] HEARTBEAT target_type=call_site elapsed_min=9.9 files_done=67 resolved=265 errors=2020 current=wt-jetbrains-plugin/src/main/kotlin/com/block/wt/git/GitConfigHelper.kt
[2026-10-01T09:48:58Z] [iter=1] HEARTBEAT target_type=call_site elapsed_min=10.4 files_done=73 resolved=284 errors=2129 current=wt-jetbrains-plugin/src/main/kotlin/com/block/wt/util/PathHelper.kt
[2026-10-01T09:49:29Z] [iter=1] HEARTBEAT target_type=call_site elapsed_min=10.9 files_done=93 resolved=337 errors=2240 current=wt-jetbrains-plugin/src/main/kotlin/com/block/wt/git/GitBranchHelper.kt
[2026-10-01T09:50:03Z] [iter=1] HEARTBEAT target_type=call_site elapsed_min=11.5 files_done=105 resolved=339 errors=2322 current=lib/wt-context-setup
[2026-10-01T09:50:43Z] [iter=1] HEARTBEAT target_type=call_site elapsed_min=12.2 files_done=110 resolved=340 errors=2423 current=bin/wt-metadata-refresh
[2026-10-01T09:51:16Z] [iter=1] HEARTBEAT target_type=call_site elapsed_min=12.7 files_done=119 resolved=343 errors=2538 current=lib/wt-help
[2026-10-01T09:51:17Z] [iter=1] Target type resolved target_type=call_site resolved=343 errors=2538 secs=751 mem_mb=846 MB
[2026-10-01T09:51:17Z] [iter=1] Resolving target type target_type=import_statement count=759
[2026-10-01T09:51:39Z] [iter=1] Target type resolved target_type=import_statement resolved=0 errors=0 secs=22 mem_mb=846 MB
[2026-10-01T09:52:01Z] [iter=1] Step 5: Writing final enrichment file triples=36631
[2026-10-01T09:52:02Z] [iter=1] Enrichment file written path=/home/runner/work/forx/forx/storage/aggregate/lsp/fba59e75bc130cb6f976974a979329581821c12c.nq.gz size_kb=736
[2026-10-01T09:52:02Z] [iter=1] PHASE END: enrich elapsed_s=808 elapsed_min=13.5 total_triples=36631
